<h1>Hello World</h1>
<pre><code class="language-some-language">This is a code snippet
</code></pre>
<pre><code>This is a code snippet
</code></pre>
<pre><code class="tree-sitter language-typescript"><span class="source ts"><span class="storage type function">function</span> <span class="entity name function">foo</span><span class="punctuation definition parameters begin bracket round">(</span><span class="punctuation definition parameters end bracket round">)</span> <span class="punctuation definition function body begin bracket curly">{</span>
  <span class="keyword control">return</span> <span class="constant numeric">1</span><span class="punctuation terminator statement semicolon">;</span>
<span class="punctuation definition function body end bracket curly">}</span></span></code></pre>
<pre><code class="language-ts">function foo() {
  return 1;
}
</code></pre>