<pre><code class="language-typescript">function foo() {
  return 1;
}
</code></pre>
