<pre><code class="tree-sitter language-typescript">function foo() {
  return 1;
}</code></pre>