<pre><code class="tree-sitter language-typescript"><span><span class="storage">function</span> foo() {
  return <span class="numeric">1</span>;
}</span></code></pre>
